2026-08-26 10:49:44,177 - INFO - 开始整理文件:{folder}
2026-08-26 10:49:44,179 - INFO - 移动文件：01_临时文件 到 其他/
2026-08-26 10:49:44,180 - INFO - 移动文件：01_压缩包.zip.zip 到 压缩包/
2026-08-26 10:49:44,181 - INFO - 移动文件：01_桌面截图.png.png 到 图片/
2026-08-26 10:49:44,182 - INFO - 移动文件：02_照片备份.png.png 到 图片/
2026-08-26 10:49:44,183 - INFO - 移动文件：03_风景照.jpg.jpg 到 图片/
2026-08-26 10:49:44,184 - INFO - 移动文件：01_会议记录.pdf.pdf 到 文档/
2026-08-26 10:49:44,185 - INFO - 移动文件：02_学习笔记.txt.txt 到 文档/
2026-08-26 10:49:44,186 - INFO - 移动文件：03_报表.pdf.pdf 到 文档/
2026-08-26 10:49:44,187 - INFO - 移动文件：04_项目文档.docx.docx 到 文档/
2026-08-26 10:49:44,187 - INFO - 移动文件：01_视频素材.mp4.mp4 到 视频/
2026-08-26 10:49:44,188 - INFO - 整理完成
2026-08-26 10:54:39,259 - INFO - 开始整理文件：test_files
2026-08-26 10:54:39,260 - INFO - 移动文件：01_临时文件 到 其他/
2026-08-26 10:54:39,261 - INFO - 移动文件：01_压缩包.zip.zip 到 压缩包/
2026-08-26 10:54:39,262 - INFO - 移动文件：01_桌面截图.png.png 到 图片/
2026-08-26 10:54:39,263 - INFO - 移动文件：02_照片备份.png.png 到 图片/
2026-08-26 10:54:39,264 - INFO - 移动文件：03_风景照.jpg.jpg 到 图片/
2026-08-26 10:54:39,265 - INFO - 移动文件：01_会议记录.pdf.pdf 到 文档/
2026-08-26 10:54:39,266 - INFO - 移动文件：02_学习笔记.txt.txt 到 文档/
2026-08-26 10:54:39,267 - INFO - 移动文件：03_报表.pdf.pdf 到 文档/
2026-08-26 10:54:39,268 - INFO - 移动文件：04_项目文档.docx.docx 到 文档/
2026-08-26 10:54:39,269 - INFO - 移动文件：01_视频素材.mp4.mp4 到 视频/
2026-08-26 10:54:39,269 - INFO - 整理完成
